// Vitest Snapshot v1, https://vitest.dev/guide/snapshot.html

exports[`index new > case 0 1`] = `undefined`;
