// Vitest Snapshot v1, https://vitest.dev/guide/snapshot.html

exports[`avatar > snap 1`] = `
".avatar-group {
  @apply flex overflow-hidden;
}
.avatar-group :where(.avatar) {
  @apply border-base-100 overflow-hidden rounded-full border-4;
}"
`;
