// Vitest Snapshot v1, https://vitest.dev/guide/snapshot.html

exports[`input > snap 1`] = `
".input {
  @apply border-base-content bg-base-100 rounded-btn border border-opacity-0 text-base;
  /* &::-webkit-calendar-picker-indicator {
    display: none;
  } */
}
.input input:focus {
  @apply outline-none;
}
.input[list]::-webkit-calendar-picker-indicator {
  line-height: 1em;
}
.input-bordered {
  @apply border-opacity-20;
}
.input:focus, .input:focus-within {
  @apply outline-base-content/20 outline outline-2 outline-offset-2;
}
.input-ghost {
  @apply bg-opacity-5;
}
.input-ghost:focus, .input-ghost:focus-within {
  @apply text-base-content bg-opacity-100;
  box-shadow: none;
}
.input-primary {
  @apply border-primary;
}
.input-primary:focus, .input-primary:focus-within {
  @apply outline-primary;
}
.input-info {
  @apply border-info;
}
.input-info:focus, .input-info:focus-within {
  @apply outline-info;
}
.input-success {
  @apply border-success;
}
.input-success:focus, .input-success:focus-within {
  @apply outline-success;
}
.input-warning {
  @apply border-warning;
}
.input-warning:focus, .input-warning:focus-within {
  @apply outline-warning;
}
.input-error {
  @apply border-error;
}
.input-error:focus, .input-error:focus-within {
  @apply outline-error;
}
.input-disabled, .input:disabled, .input[disabled] {
  @apply border-base-200 bg-base-200 placeholder-base-content cursor-not-allowed text-opacity-20 placeholder-opacity-20;
}"
`;
