// Vitest Snapshot v1, https://vitest.dev/guide/snapshot.html

exports[`colors > getColors case 0 1`] = `
{
  "base-100": "rgba(var(--ice-base-100) / <alpha-value>)",
  "base-1000": "rgba(var(--ice-base-1000) / <alpha-value>)",
  "base-1100": "rgba(var(--ice-base-1100) / <alpha-value>)",
  "base-1200": "rgba(var(--ice-base-1200) / <alpha-value>)",
  "base-1300": "rgba(var(--ice-base-1300) / <alpha-value>)",
  "base-200": "rgba(var(--ice-base-200) / <alpha-value>)",
  "base-300": "rgba(var(--ice-base-300) / <alpha-value>)",
  "base-400": "rgba(var(--ice-base-400) / <alpha-value>)",
  "base-500": "rgba(var(--ice-base-500) / <alpha-value>)",
  "base-600": "rgba(var(--ice-base-600) / <alpha-value>)",
  "base-700": "rgba(var(--ice-base-700) / <alpha-value>)",
  "base-800": "rgba(var(--ice-base-800) / <alpha-value>)",
  "base-900": "rgba(var(--ice-base-900) / <alpha-value>)",
  "base-content": "rgba(var(--ice-base-content) / <alpha-value>)",
  "current": "currentColor",
  "error": "rgba(var(--ice-error) / <alpha-value>)",
  "error-active": "rgba(var(--ice-error-active) / <alpha-value>)",
  "error-content": "rgba(var(--ice-error-content) / <alpha-value>)",
  "error-hover": "rgba(var(--ice-error-hover) / <alpha-value>)",
  "neutral": "rgba(var(--ice-neutral) / <alpha-value>)",
  "neutral-active": "rgba(var(--ice-neutral-active) / <alpha-value>)",
  "neutral-content": "rgba(var(--ice-neutral-content) / <alpha-value>)",
  "neutral-hover": "rgba(var(--ice-neutral-hover) / <alpha-value>)",
  "primary": "rgba(var(--ice-primary) / <alpha-value>)",
  "primary-active": "rgba(var(--ice-primary-active) / <alpha-value>)",
  "primary-content": "rgba(var(--ice-primary-content) / <alpha-value>)",
  "primary-hover": "rgba(var(--ice-primary-hover) / <alpha-value>)",
  "success": "rgba(var(--ice-success) / <alpha-value>)",
  "success-active": "rgba(var(--ice-success-active) / <alpha-value>)",
  "success-content": "rgba(var(--ice-success-content) / <alpha-value>)",
  "success-hover": "rgba(var(--ice-success-hover) / <alpha-value>)",
  "transparent": "transparent",
  "warning": "rgba(var(--ice-warning) / <alpha-value>)",
  "warning-active": "rgba(var(--ice-warning-active) / <alpha-value>)",
  "warning-content": "rgba(var(--ice-warning-content) / <alpha-value>)",
  "warning-hover": "rgba(var(--ice-warning-hover) / <alpha-value>)",
}
`;

exports[`colors > getColors case 1 1`] = `
{
  "base-100": "rgba(var(--som-base-100) / <alpha-value>)",
  "base-1000": "rgba(var(--som-base-1000) / <alpha-value>)",
  "base-1100": "rgba(var(--som-base-1100) / <alpha-value>)",
  "base-1200": "rgba(var(--som-base-1200) / <alpha-value>)",
  "base-1300": "rgba(var(--som-base-1300) / <alpha-value>)",
  "base-200": "rgba(var(--som-base-200) / <alpha-value>)",
  "base-300": "rgba(var(--som-base-300) / <alpha-value>)",
  "base-400": "rgba(var(--som-base-400) / <alpha-value>)",
  "base-500": "rgba(var(--som-base-500) / <alpha-value>)",
  "base-600": "rgba(var(--som-base-600) / <alpha-value>)",
  "base-700": "rgba(var(--som-base-700) / <alpha-value>)",
  "base-800": "rgba(var(--som-base-800) / <alpha-value>)",
  "base-900": "rgba(var(--som-base-900) / <alpha-value>)",
  "base-content": "rgba(var(--som-base-content) / <alpha-value>)",
  "current": "currentColor",
  "error": "rgba(var(--som-error) / <alpha-value>)",
  "error-active": "rgba(var(--som-error-active) / <alpha-value>)",
  "error-content": "rgba(var(--som-error-content) / <alpha-value>)",
  "error-hover": "rgba(var(--som-error-hover) / <alpha-value>)",
  "neutral": "rgba(var(--som-neutral) / <alpha-value>)",
  "neutral-active": "rgba(var(--som-neutral-active) / <alpha-value>)",
  "neutral-content": "rgba(var(--som-neutral-content) / <alpha-value>)",
  "neutral-hover": "rgba(var(--som-neutral-hover) / <alpha-value>)",
  "primary": "rgba(var(--som-primary) / <alpha-value>)",
  "primary-active": "rgba(var(--som-primary-active) / <alpha-value>)",
  "primary-content": "rgba(var(--som-primary-content) / <alpha-value>)",
  "primary-hover": "rgba(var(--som-primary-hover) / <alpha-value>)",
  "success": "rgba(var(--som-success) / <alpha-value>)",
  "success-active": "rgba(var(--som-success-active) / <alpha-value>)",
  "success-content": "rgba(var(--som-success-content) / <alpha-value>)",
  "success-hover": "rgba(var(--som-success-hover) / <alpha-value>)",
  "transparent": "transparent",
  "warning": "rgba(var(--som-warning) / <alpha-value>)",
  "warning-active": "rgba(var(--som-warning-active) / <alpha-value>)",
  "warning-content": "rgba(var(--som-warning-content) / <alpha-value>)",
  "warning-hover": "rgba(var(--som-warning-hover) / <alpha-value>)",
}
`;
