// Vitest Snapshot v1, https://vitest.dev/guide/snapshot.html

exports[`defaults > injectSchema 1`] = `
{
  "alert": {
    "schema": [Function],
    "selector": ".alert",
  },
  "avatar": {
    "schema": [Function],
    "selector": ".avatar",
  },
  "badge": {
    "schema": [Function],
    "selector": ".badge",
  },
  "bottom-navigation": {
    "schema": [Function],
    "selector": ".btm-nav",
  },
  "breadcrumbs": {
    "schema": [Function],
    "selector": ".breadcrumbs",
  },
  "button": {
    "schema": [Function],
    "selector": ".btn",
  },
  "card": {
    "schema": [Function],
    "selector": ".card",
  },
  "carousel": {
    "schema": [Function],
    "selector": ".carousel",
  },
  "chat": {
    "schema": [Function],
    "selector": ".chat",
  },
  "checkbox": {
    "schema": [Function],
    "selector": ".checkbox",
  },
  "collapse": {
    "schema": [Function],
    "selector": ".collapse",
  },
  "countdown": {
    "schema": [Function],
    "selector": ".countdown",
    "varPrefix": {
      "ignoreProp": [
        "--value",
      ],
      "ignoreValueCustomProperty": [
        "--value",
      ],
    },
  },
  "diff": {
    "schema": [Function],
    "selector": ".diff",
  },
  "divider": {
    "schema": [Function],
    "selector": ".divider",
  },
  "dropdown": {
    "schema": [Function],
    "selector": ".dropdown",
  },
  "file-input": {
    "schema": [Function],
    "selector": ".file-input",
  },
  "form": {
    "schema": [Function],
  },
  "indicator": {
    "schema": [Function],
    "selector": ".indicator",
  },
  "input": {
    "schema": [Function],
    "selector": ".input",
  },
  "join": {
    "schema": [Function],
    "selector": ".join",
  },
  "kbd": {
    "schema": [Function],
    "selector": ".kbd",
  },
  "link": {
    "schema": [Function],
    "selector": ".link",
  },
  "loading": {
    "schema": [Function],
    "selector": ".loading",
  },
  "mask": {
    "schema": [Function],
    "selector": ".mask",
  },
  "menu": {
    "schema": [Function],
    "selector": ".menu",
  },
  "navbar": {
    "schema": [Function],
    "selector": ".navbar",
  },
  "progress": {
    "schema": [Function],
    "selector": ".progress",
  },
  "radial-progress": {
    "schema": [Function],
    "selector": ".radial-progress",
    "varPrefix": {
      "ignoreProp": [
        "--size",
        "--thickness",
        "--value",
      ],
      "ignoreValueCustomProperty": [
        "--size",
        "--thickness",
        "--value",
      ],
    },
  },
  "radio": {
    "schema": [Function],
    "selector": ".radio",
  },
  "range": {
    "schema": [Function],
    "selector": ".range",
  },
  "rating": {
    "schema": undefined,
    "selector": ".rating",
  },
  "select": {
    "schema": [Function],
    "selector": ".select",
  },
  "skeleton": {
    "schema": [Function],
    "selector": ".skeleton",
  },
  "stack": {
    "schema": [Function],
    "selector": ".stack",
  },
  "stat": {
    "schema": [Function],
    "selector": ".stat",
  },
  "steps": {
    "schema": [Function],
    "selector": ".step",
  },
  "swap": {
    "schema": [Function],
    "selector": ".swap",
  },
  "tab": {
    "schema": [Function],
    "selector": ".tab",
  },
  "table": {
    "schema": [Function],
    "selector": ".table",
  },
  "textarea": {
    "schema": [Function],
    "selector": ".textarea",
  },
  "timeline": {
    "schema": [Function],
    "selector": ".timeline",
  },
  "toast": {
    "schema": [Function],
    "selector": ".toast",
  },
  "toggle": {
    "schema": [Function],
    "selector": ".toggle",
  },
  "tooltip": {
    "schema": [Function],
    "selector": ".tooltip",
    "varPrefix": {
      "ignoreProp": [
        "--tooltip-tail",
        "--tooltip-color",
        "--tooltip-text-color",
        "--tooltip-tail-offset",
      ],
      "ignoreValueCustomProperty": [
        "--tooltip-tail",
        "--tooltip-color",
        "--tooltip-text-color",
        "--tooltip-tail-offset",
      ],
    },
  },
}
`;
