// Vitest Snapshot v1, https://vitest.dev/guide/snapshot.html

exports[`extract > getJsObj base 1`] = `
{
  ".hidden": {
    "display": "none",
  },
  ":root": {
    "--ice-animation-btn": "0.25s",
    "--ice-animation-input": "0.2s",
    "--ice-base-100": "255 255 255",
    "--ice-base-1000": "38 38 38",
    "--ice-base-1100": "31 31 31",
    "--ice-base-1200": "20 20 20",
    "--ice-base-1300": "0 0 0",
    "--ice-base-200": "250 250 250",
    "--ice-base-300": "245 245 245",
    "--ice-base-400": "240 240 240",
    "--ice-base-500": "217 217 217",
    "--ice-base-600": "191 191 191",
    "--ice-base-700": "140 140 140",
    "--ice-base-800": "89 89 89",
    "--ice-base-900": "67 67 67",
    "--ice-base-content": "0 0 0",
    "--ice-border-btn": "1px",
    "--ice-error": "245 34 45",
    "--ice-error-active": "207 19 34",
    "--ice-error-content": "255 255 255",
    "--ice-error-hover": "255 77 79",
    "--ice-info": "22 119 255",
    "--ice-info-active": "9 88 217",
    "--ice-info-content": "255 255 255",
    "--ice-info-hover": "64 150 255",
    "--ice-neutral": "38 38 38",
    "--ice-neutral-active": "31 31 31",
    "--ice-neutral-content": "255 255 255",
    "--ice-neutral-hover": "67 67 67",
    "--ice-primary": "22 119 255",
    "--ice-primary-active": "9 88 217",
    "--ice-primary-content": "255 255 255",
    "--ice-primary-hover": "64 150 255",
    "--ice-rounded-badge": "1.9rem",
    "--ice-rounded-box": "1rem",
    "--ice-rounded-btn": "0.5rem",
    "--ice-success": "82 196 26",
    "--ice-success-active": "56 158 13",
    "--ice-success-content": "255 255 255",
    "--ice-success-hover": "115 209 61",
    "--ice-tab-border": "1px",
    "--ice-tab-radius": "0.5rem",
    "--ice-warning": "250 173 20",
    "--ice-warning-active": "212 136 6",
    "--ice-warning-content": "255 255 255",
    "--ice-warning-hover": "255 197 61",
  },
  "[data-theme=dark]": {
    "--ice-animation-btn": "0.25s",
    "--ice-animation-input": "0.2s",
    "--ice-base-100": "0 0 0",
    "--ice-base-1000": "240 240 240",
    "--ice-base-1100": "245 245 245",
    "--ice-base-1200": "250 250 250",
    "--ice-base-1300": "255 255 255",
    "--ice-base-200": "20 20 20",
    "--ice-base-300": "31 31 31",
    "--ice-base-400": "38 38 38",
    "--ice-base-500": "67 67 67",
    "--ice-base-600": "89 89 89",
    "--ice-base-700": "140 140 140",
    "--ice-base-800": "191 191 191",
    "--ice-base-900": "217 217 217",
    "--ice-base-content": "255 255 255",
    "--ice-border-btn": "1px",
    "--ice-error": "211 32 41",
    "--ice-error-active": "232 71 73",
    "--ice-error-hover": "166 29 36",
    "--ice-info": "22 104 220",
    "--ice-info-active": "60 137 232",
    "--ice-info-content": "255 255 255",
    "--ice-info-hover": "21 84 173",
    "--ice-neutral": "38 38 38",
    "--ice-neutral-active": "31 31 31",
    "--ice-neutral-content": "255 255 255",
    "--ice-neutral-hover": "67 67 67",
    "--ice-primary": "22 104 220",
    "--ice-primary-active": "60 137 232",
    "--ice-primary-content": "255 255 255",
    "--ice-primary-hover": "21 84 173",
    "--ice-rounded-badge": "1.9rem",
    "--ice-rounded-box": "1rem",
    "--ice-rounded-btn": "0.5rem",
    "--ice-success": "73 170 25",
    "--ice-success-active": "106 190 57",
    "--ice-success-content": "255 255 255",
    "--ice-success-hover": "60 134 24",
    "--ice-tab-border": "1px",
    "--ice-tab-radius": "0.5rem",
    "--ice-warning": "216 150 20",
    "--ice-warning-active": "232 179 57",
    "--ice-warning-content": "255 255 255",
    "--ice-warning-hover": "170 119 20",
  },
}
`;
