// Vitest Snapshot v1, https://vitest.dev/guide/snapshot.html

exports[`tailwindcss > use plugin case 0 1`] = `
"*, ::before, ::after {--tw-border-spacing-x: 0;--tw-border-spacing-y: 0;--tw-translate-x: 0;--tw-translate-y: 0;--tw-rotate: 0;--tw-skew-x: 0;--tw-skew-y: 0;--tw-scale-x: 1;--tw-scale-y: 1;--tw-pan-x:  ;--tw-pan-y:  ;--tw-pinch-zoom:  ;--tw-scroll-snap-strictness: proximity;--tw-gradient-from-position:  ;--tw-gradient-via-position:  ;--tw-gradient-to-position:  ;--tw-ordinal:  ;--tw-slashed-zero:  ;--tw-numeric-figure:  ;--tw-numeric-spacing:  ;--tw-numeric-fraction:  ;--tw-ring-inset:  ;--tw-ring-offset-width: 0px;--tw-ring-offset-color: #fff;--tw-ring-color: rgb(59 130 246 / 0.5);--tw-ring-offset-shadow: 0 0 #0000;--tw-ring-shadow: 0 0 #0000;--tw-shadow: 0 0 #0000;--tw-shadow-colored: 0 0 #0000;--tw-blur:  ;--tw-brightness:  ;--tw-contrast:  ;--tw-grayscale:  ;--tw-hue-rotate:  ;--tw-invert:  ;--tw-saturate:  ;--tw-sepia:  ;--tw-drop-shadow:  ;--tw-backdrop-blur:  ;--tw-backdrop-brightness:  ;--tw-backdrop-contrast:  ;--tw-backdrop-grayscale:  ;--tw-backdrop-hue-rotate:  ;--tw-backdrop-invert:  ;--tw-backdrop-opacity:  ;--tw-backdrop-saturate:  ;--tw-backdrop-sepia:  
}::backdrop {--tw-border-spacing-x: 0;--tw-border-spacing-y: 0;--tw-translate-x: 0;--tw-translate-y: 0;--tw-rotate: 0;--tw-skew-x: 0;--tw-skew-y: 0;--tw-scale-x: 1;--tw-scale-y: 1;--tw-pan-x:  ;--tw-pan-y:  ;--tw-pinch-zoom:  ;--tw-scroll-snap-strictness: proximity;--tw-gradient-from-position:  ;--tw-gradient-via-position:  ;--tw-gradient-to-position:  ;--tw-ordinal:  ;--tw-slashed-zero:  ;--tw-numeric-figure:  ;--tw-numeric-spacing:  ;--tw-numeric-fraction:  ;--tw-ring-inset:  ;--tw-ring-offset-width: 0px;--tw-ring-offset-color: #fff;--tw-ring-color: rgb(59 130 246 / 0.5);--tw-ring-offset-shadow: 0 0 #0000;--tw-ring-shadow: 0 0 #0000;--tw-shadow: 0 0 #0000;--tw-shadow-colored: 0 0 #0000;--tw-blur:  ;--tw-brightness:  ;--tw-contrast:  ;--tw-grayscale:  ;--tw-hue-rotate:  ;--tw-invert:  ;--tw-saturate:  ;--tw-sepia:  ;--tw-drop-shadow:  ;--tw-backdrop-blur:  ;--tw-backdrop-brightness:  ;--tw-backdrop-contrast:  ;--tw-backdrop-grayscale:  ;--tw-backdrop-hue-rotate:  ;--tw-backdrop-invert:  ;--tw-backdrop-opacity:  ;--tw-backdrop-saturate:  ;--tw-backdrop-sepia:  
}.btn {display: inline-flex;flex-shrink: 0;cursor: pointer;user-select: none;flex-wrap: wrap;align-items: center;justify-content: center;border-radius: var(--ice-rounded-btn, 0.5rem);border-color: rgba(var(--ice-base-200) / var(--tw-border-opacity));text-align: center;transition-property: color, background-color, border-color, text-decoration-color, fill, stroke, opacity, box-shadow, transform, filter, backdrop-filter;transition-timing-function: cubic-bezier(0.4, 0, 0.2, 1);transition-timing-function: cubic-bezier(0, 0, 0.2, 1);transition-duration: 200ms;height: 3rem;min-height: 3rem;padding-left: 1rem;padding-right: 1rem;font-size: 0.875rem;line-height: 1em;--tw-border-opacity: 1;--tw-bg-opacity: 1;background-color: rgba(var(--ice-base-200) / var(--tw-bg-opacity));--tw-text-opacity: 1;color: rgba(var(--ice-base-content) / var(--tw-text-opacity));text-decoration-line: none;outline-color: rgba(var(--ice-base-200) / 1);border-width: var(--ice-border-btn, 1px)
}.btn-disabled,.btn[disabled],.btn:disabled {pointer-events: none
}.btn:is(input[type=checkbox]),.btn:is(input[type=radio]) {width: auto;appearance: none
}.btn:is(input[type=checkbox]):after,.btn:is(input[type=radio]):after {--tw-content: attr(aria-label);content: var(--tw-content)
}.btn:focus-visible {outline-style: solid;outline-width: 2px;outline-offset: 2px
}.btn:active {--tw-border-opacity: 1;border-color: rgba(var(--ice-base-300) / var(--tw-border-opacity));--tw-bg-opacity: 1;background-color: rgba(var(--ice-base-300) / var(--tw-bg-opacity))
}.btn.btn-active {--tw-border-opacity: 1;border-color: rgba(var(--ice-base-300) / var(--tw-border-opacity));--tw-bg-opacity: 1;background-color: rgba(var(--ice-base-300) / var(--tw-bg-opacity))
}.btn.glass {--tw-shadow: 0 0 #0000;--tw-shadow-colored: 0 0 #0000;box-shadow: var(--tw-ring-offset-shadow, 0 0 #0000), var(--tw-ring-shadow, 0 0 #0000), var(--tw-shadow);outline-color: currentColor
}.btn.glass:active {--ice-glass-opacity: 25%;--ice-glass-border-opacity: 15%
}.btn.glass.btn-active {--ice-glass-opacity: 25%;--ice-glass-border-opacity: 15%
}.btn.btn-disabled,.btn[disabled],.btn:disabled {--tw-border-opacity: 0;background-color: rgba(var(--ice-neutral) / var(--tw-bg-opacity));--tw-bg-opacity: 0.2;color: rgba(var(--ice-base-content) / var(--tw-text-opacity));--tw-text-opacity: 0.2
}.btn:is(input[type=checkbox]:checked),.btn:is(input[type=radio]:checked) {--tw-border-opacity: 1;border-color: rgba(var(--ice-primary) / var(--tw-border-opacity));--tw-bg-opacity: 1;background-color: rgba(var(--ice-primary) / var(--tw-bg-opacity));--tw-text-opacity: 1;color: rgba(var(--ice-primary-content) / var(--tw-text-opacity))
}.btn:is(input[type=checkbox]:checked):active,.btn:is(input[type=radio]:checked):active {--tw-border-opacity: 1;border-color: rgba(var(--ice-primary-focus) / var(--tw-border-opacity));--tw-bg-opacity: 1;background-color: rgba(var(--ice-primary-focus) / var(--tw-bg-opacity))
}.btn:is(input[type=checkbox]:checked):focus-visible,.btn:is(input[type=radio]:checked):focus-visible {outline-color: rgba(var(--ice-primary) / 1)
}@keyframes checkmark {0% {background-position-y: 5px
    }50% {background-position-y: -2px
    }100% {background-position-y: 0
    }
}@keyframes progress-loading {50% {background-position-x: -115%
    }
}@keyframes radiomark {0% {box-shadow: 0 0 0 12px rgba(var(--ice-base-100)) inset, 0 0 0 12px rgba(var(--ice-base-100)) inset
    }50% {box-shadow: 0 0 0 3px rgba(var(--ice-base-100)) inset, 0 0 0 3px rgba(var(--ice-base-100)) inset
    }100% {box-shadow: 0 0 0 4px rgba(var(--ice-base-100)) inset, 0 0 0 4px rgba(var(--ice-base-100)) inset
    }
}@keyframes rating-pop {0% {transform: translateY(-0.125em)
    }40% {transform: translateY(-0.125em)
    }100% {transform: translateY(0)
    }
}@keyframes toast-pop {0% {transform: scale(0.9);opacity: 0
    }100% {transform: scale(1);opacity: 1
    }
}"
`;

exports[`tailwindcss > use plugin case 1 1`] = `
"*, ::before, ::after {--tw-border-spacing-x: 0;--tw-border-spacing-y: 0;--tw-translate-x: 0;--tw-translate-y: 0;--tw-rotate: 0;--tw-skew-x: 0;--tw-skew-y: 0;--tw-scale-x: 1;--tw-scale-y: 1;--tw-pan-x:  ;--tw-pan-y:  ;--tw-pinch-zoom:  ;--tw-scroll-snap-strictness: proximity;--tw-gradient-from-position:  ;--tw-gradient-via-position:  ;--tw-gradient-to-position:  ;--tw-ordinal:  ;--tw-slashed-zero:  ;--tw-numeric-figure:  ;--tw-numeric-spacing:  ;--tw-numeric-fraction:  ;--tw-ring-inset:  ;--tw-ring-offset-width: 0px;--tw-ring-offset-color: #fff;--tw-ring-color: rgb(59 130 246 / 0.5);--tw-ring-offset-shadow: 0 0 #0000;--tw-ring-shadow: 0 0 #0000;--tw-shadow: 0 0 #0000;--tw-shadow-colored: 0 0 #0000;--tw-blur:  ;--tw-brightness:  ;--tw-contrast:  ;--tw-grayscale:  ;--tw-hue-rotate:  ;--tw-invert:  ;--tw-saturate:  ;--tw-sepia:  ;--tw-drop-shadow:  ;--tw-backdrop-blur:  ;--tw-backdrop-brightness:  ;--tw-backdrop-contrast:  ;--tw-backdrop-grayscale:  ;--tw-backdrop-hue-rotate:  ;--tw-backdrop-invert:  ;--tw-backdrop-opacity:  ;--tw-backdrop-saturate:  ;--tw-backdrop-sepia:  
}::backdrop {--tw-border-spacing-x: 0;--tw-border-spacing-y: 0;--tw-translate-x: 0;--tw-translate-y: 0;--tw-rotate: 0;--tw-skew-x: 0;--tw-skew-y: 0;--tw-scale-x: 1;--tw-scale-y: 1;--tw-pan-x:  ;--tw-pan-y:  ;--tw-pinch-zoom:  ;--tw-scroll-snap-strictness: proximity;--tw-gradient-from-position:  ;--tw-gradient-via-position:  ;--tw-gradient-to-position:  ;--tw-ordinal:  ;--tw-slashed-zero:  ;--tw-numeric-figure:  ;--tw-numeric-spacing:  ;--tw-numeric-fraction:  ;--tw-ring-inset:  ;--tw-ring-offset-width: 0px;--tw-ring-offset-color: #fff;--tw-ring-color: rgb(59 130 246 / 0.5);--tw-ring-offset-shadow: 0 0 #0000;--tw-ring-shadow: 0 0 #0000;--tw-shadow: 0 0 #0000;--tw-shadow-colored: 0 0 #0000;--tw-blur:  ;--tw-brightness:  ;--tw-contrast:  ;--tw-grayscale:  ;--tw-hue-rotate:  ;--tw-invert:  ;--tw-saturate:  ;--tw-sepia:  ;--tw-drop-shadow:  ;--tw-backdrop-blur:  ;--tw-backdrop-brightness:  ;--tw-backdrop-contrast:  ;--tw-backdrop-grayscale:  ;--tw-backdrop-hue-rotate:  ;--tw-backdrop-invert:  ;--tw-backdrop-opacity:  ;--tw-backdrop-saturate:  ;--tw-backdrop-sepia:  
}.btn {display: inline-flex;flex-shrink: 0;cursor: pointer;user-select: none;flex-wrap: wrap;align-items: center;justify-content: center;border-radius: var(--ice-rounded-btn, 0.5rem);border-color: rgba(var(--ice-base-200) / var(--tw-border-opacity));text-align: center;transition-property: color, background-color, border-color, text-decoration-color, fill, stroke, opacity, box-shadow, transform, filter, backdrop-filter;transition-timing-function: cubic-bezier(0.4, 0, 0.2, 1);transition-timing-function: cubic-bezier(0, 0, 0.2, 1);transition-duration: 200ms;height: 3rem;min-height: 3rem;padding-left: 1rem;padding-right: 1rem;font-size: 0.875rem;line-height: 1em;--tw-border-opacity: 1;--tw-bg-opacity: 1;background-color: rgba(var(--ice-base-200) / var(--tw-bg-opacity));--tw-text-opacity: 1;color: rgba(var(--ice-base-content) / var(--tw-text-opacity));text-decoration-line: none;outline-color: rgba(var(--ice-base-200) / 1);border-width: var(--ice-border-btn, 1px)
}.btn-disabled,.btn[disabled],.btn:disabled {pointer-events: none
}.btn:is(input[type=checkbox]),.btn:is(input[type=radio]) {width: auto;appearance: none
}.btn:is(input[type=checkbox]):after,.btn:is(input[type=radio]):after {--tw-content: attr(aria-label);content: var(--tw-content)
}.btn:focus-visible {outline-style: solid;outline-width: 2px;outline-offset: 2px
}.btn:active {--tw-border-opacity: 1;border-color: rgba(var(--ice-base-300) / var(--tw-border-opacity));--tw-bg-opacity: 1;background-color: rgba(var(--ice-base-300) / var(--tw-bg-opacity))
}.btn.btn-active {--tw-border-opacity: 1;border-color: rgba(var(--ice-base-300) / var(--tw-border-opacity));--tw-bg-opacity: 1;background-color: rgba(var(--ice-base-300) / var(--tw-bg-opacity))
}.btn.glass {--tw-shadow: 0 0 #0000;--tw-shadow-colored: 0 0 #0000;box-shadow: var(--tw-ring-offset-shadow, 0 0 #0000), var(--tw-ring-shadow, 0 0 #0000), var(--tw-shadow);outline-color: currentColor
}.btn.glass:active {--ice-glass-opacity: 25%;--ice-glass-border-opacity: 15%
}.btn.glass.btn-active {--ice-glass-opacity: 25%;--ice-glass-border-opacity: 15%
}.btn.btn-disabled,.btn[disabled],.btn:disabled {--tw-border-opacity: 0;background-color: rgba(var(--ice-neutral) / var(--tw-bg-opacity));--tw-bg-opacity: 0.2;color: rgba(var(--ice-base-content) / var(--tw-text-opacity));--tw-text-opacity: 0.2
}.btn:is(input[type=checkbox]:checked),.btn:is(input[type=radio]:checked) {--tw-border-opacity: 1;border-color: rgba(var(--ice-primary) / var(--tw-border-opacity));--tw-bg-opacity: 1;background-color: rgba(var(--ice-primary) / var(--tw-bg-opacity));--tw-text-opacity: 1;color: rgba(var(--ice-primary-content) / var(--tw-text-opacity))
}.btn:is(input[type=checkbox]:checked):active,.btn:is(input[type=radio]:checked):active {--tw-border-opacity: 1;border-color: rgba(var(--ice-primary-focus) / var(--tw-border-opacity));--tw-bg-opacity: 1;background-color: rgba(var(--ice-primary-focus) / var(--tw-bg-opacity))
}.btn:is(input[type=checkbox]:checked):focus-visible,.btn:is(input[type=radio]:checked):focus-visible {outline-color: rgba(var(--ice-primary) / 1)
}@keyframes checkmark {0% {background-position-y: 5px
    }50% {background-position-y: -2px
    }100% {background-position-y: 0
    }
}@keyframes progress-loading {50% {background-position-x: -115%
    }
}@keyframes radiomark {0% {box-shadow: 0 0 0 12px rgba(var(--ice-base-100)) inset, 0 0 0 12px rgba(var(--ice-base-100)) inset
    }50% {box-shadow: 0 0 0 3px rgba(var(--ice-base-100)) inset, 0 0 0 3px rgba(var(--ice-base-100)) inset
    }100% {box-shadow: 0 0 0 4px rgba(var(--ice-base-100)) inset, 0 0 0 4px rgba(var(--ice-base-100)) inset
    }
}@keyframes rating-pop {0% {transform: translateY(-0.125em)
    }40% {transform: translateY(-0.125em)
    }100% {transform: translateY(0)
    }
}@keyframes toast-pop {0% {transform: scale(0.9);opacity: 0
    }100% {transform: scale(1);opacity: 1
    }
}.btn::after {border: none
}"
`;

exports[`tailwindcss > use plugin case 2 1`] = `
"*, ::before, ::after {--tw-border-spacing-x: 0;--tw-border-spacing-y: 0;--tw-translate-x: 0;--tw-translate-y: 0;--tw-rotate: 0;--tw-skew-x: 0;--tw-skew-y: 0;--tw-scale-x: 1;--tw-scale-y: 1;--tw-pan-x:  ;--tw-pan-y:  ;--tw-pinch-zoom:  ;--tw-scroll-snap-strictness: proximity;--tw-gradient-from-position:  ;--tw-gradient-via-position:  ;--tw-gradient-to-position:  ;--tw-ordinal:  ;--tw-slashed-zero:  ;--tw-numeric-figure:  ;--tw-numeric-spacing:  ;--tw-numeric-fraction:  ;--tw-ring-inset:  ;--tw-ring-offset-width: 0px;--tw-ring-offset-color: #fff;--tw-ring-color: rgb(59 130 246 / 0.5);--tw-ring-offset-shadow: 0 0 #0000;--tw-ring-shadow: 0 0 #0000;--tw-shadow: 0 0 #0000;--tw-shadow-colored: 0 0 #0000;--tw-blur:  ;--tw-brightness:  ;--tw-contrast:  ;--tw-grayscale:  ;--tw-hue-rotate:  ;--tw-invert:  ;--tw-saturate:  ;--tw-sepia:  ;--tw-drop-shadow:  ;--tw-backdrop-blur:  ;--tw-backdrop-brightness:  ;--tw-backdrop-contrast:  ;--tw-backdrop-grayscale:  ;--tw-backdrop-hue-rotate:  ;--tw-backdrop-invert:  ;--tw-backdrop-opacity:  ;--tw-backdrop-saturate:  ;--tw-backdrop-sepia:  
}::backdrop {--tw-border-spacing-x: 0;--tw-border-spacing-y: 0;--tw-translate-x: 0;--tw-translate-y: 0;--tw-rotate: 0;--tw-skew-x: 0;--tw-skew-y: 0;--tw-scale-x: 1;--tw-scale-y: 1;--tw-pan-x:  ;--tw-pan-y:  ;--tw-pinch-zoom:  ;--tw-scroll-snap-strictness: proximity;--tw-gradient-from-position:  ;--tw-gradient-via-position:  ;--tw-gradient-to-position:  ;--tw-ordinal:  ;--tw-slashed-zero:  ;--tw-numeric-figure:  ;--tw-numeric-spacing:  ;--tw-numeric-fraction:  ;--tw-ring-inset:  ;--tw-ring-offset-width: 0px;--tw-ring-offset-color: #fff;--tw-ring-color: rgb(59 130 246 / 0.5);--tw-ring-offset-shadow: 0 0 #0000;--tw-ring-shadow: 0 0 #0000;--tw-shadow: 0 0 #0000;--tw-shadow-colored: 0 0 #0000;--tw-blur:  ;--tw-brightness:  ;--tw-contrast:  ;--tw-grayscale:  ;--tw-hue-rotate:  ;--tw-invert:  ;--tw-saturate:  ;--tw-sepia:  ;--tw-drop-shadow:  ;--tw-backdrop-blur:  ;--tw-backdrop-brightness:  ;--tw-backdrop-contrast:  ;--tw-backdrop-grayscale:  ;--tw-backdrop-hue-rotate:  ;--tw-backdrop-invert:  ;--tw-backdrop-opacity:  ;--tw-backdrop-saturate:  ;--tw-backdrop-sepia:  
}.btn {display: inline-flex;flex-shrink: 0;cursor: pointer;user-select: none;flex-wrap: wrap;align-items: center;justify-content: center;border-radius: var(--ice-rounded-btn, 0.5rem);border-color: rgba(var(--ice-base-200) / var(--tw-border-opacity));text-align: center;transition-property: color, background-color, border-color, text-decoration-color, fill, stroke, opacity, box-shadow, transform, filter, backdrop-filter;transition-timing-function: cubic-bezier(0.4, 0, 0.2, 1);transition-timing-function: cubic-bezier(0, 0, 0.2, 1);transition-duration: 200ms;height: 3rem;min-height: 3rem;padding-left: 1rem;padding-right: 1rem;font-size: 0.875rem;line-height: 1em;--tw-border-opacity: 1;--tw-bg-opacity: 1;background-color: rgba(var(--ice-base-200) / var(--tw-bg-opacity));--tw-text-opacity: 1;color: rgba(var(--ice-base-content) / var(--tw-text-opacity));text-decoration-line: none;outline-color: rgba(var(--ice-base-200) / 1);border-width: var(--ice-border-btn, 1px)
}.btn-disabled,.btn[disabled],.btn:disabled {pointer-events: none
}.btn:is(input[type=checkbox]),.btn:is(input[type=radio]) {width: auto;appearance: none
}.btn:is(input[type=checkbox]):after,.btn:is(input[type=radio]):after {--tw-content: attr(aria-label);content: var(--tw-content)
}.btn:focus-visible {outline-style: solid;outline-width: 2px;outline-offset: 2px
}.btn:active {--tw-border-opacity: 1;border-color: rgba(var(--ice-base-300) / var(--tw-border-opacity));--tw-bg-opacity: 1;background-color: rgba(var(--ice-base-300) / var(--tw-bg-opacity))
}.btn.btn-active {--tw-border-opacity: 1;border-color: rgba(var(--ice-base-300) / var(--tw-border-opacity));--tw-bg-opacity: 1;background-color: rgba(var(--ice-base-300) / var(--tw-bg-opacity))
}.btn.glass {--tw-shadow: 0 0 #0000;--tw-shadow-colored: 0 0 #0000;box-shadow: var(--tw-ring-offset-shadow, 0 0 #0000), var(--tw-ring-shadow, 0 0 #0000), var(--tw-shadow);outline-color: currentColor
}.btn.glass:active {--ice-glass-opacity: 25%;--ice-glass-border-opacity: 15%
}.btn.glass.btn-active {--ice-glass-opacity: 25%;--ice-glass-border-opacity: 15%
}.btn.btn-disabled,.btn[disabled],.btn:disabled {--tw-border-opacity: 0;background-color: rgba(var(--ice-neutral) / var(--tw-bg-opacity));--tw-bg-opacity: 0.2;color: rgba(var(--ice-base-content) / var(--tw-text-opacity));--tw-text-opacity: 0.2
}.btn:is(input[type=checkbox]:checked),.btn:is(input[type=radio]:checked) {--tw-border-opacity: 1;border-color: rgba(var(--ice-primary) / var(--tw-border-opacity));--tw-bg-opacity: 1;background-color: rgba(var(--ice-primary) / var(--tw-bg-opacity));--tw-text-opacity: 1;color: rgba(var(--ice-primary-content) / var(--tw-text-opacity))
}.btn:is(input[type=checkbox]:checked):active,.btn:is(input[type=radio]:checked):active {--tw-border-opacity: 1;border-color: rgba(var(--ice-primary-focus) / var(--tw-border-opacity));--tw-bg-opacity: 1;background-color: rgba(var(--ice-primary-focus) / var(--tw-bg-opacity))
}.btn:is(input[type=checkbox]:checked):focus-visible,.btn:is(input[type=radio]:checked):focus-visible {outline-color: rgba(var(--ice-primary) / 1)
}@keyframes checkmark {0% {background-position-y: 5px
    }50% {background-position-y: -2px
    }100% {background-position-y: 0
    }
}@keyframes progress-loading {50% {background-position-x: -115%
    }
}@keyframes radiomark {0% {box-shadow: 0 0 0 12px rgba(var(--ice-base-100)) inset, 0 0 0 12px rgba(var(--ice-base-100)) inset
    }50% {box-shadow: 0 0 0 3px rgba(var(--ice-base-100)) inset, 0 0 0 3px rgba(var(--ice-base-100)) inset
    }100% {box-shadow: 0 0 0 4px rgba(var(--ice-base-100)) inset, 0 0 0 4px rgba(var(--ice-base-100)) inset
    }
}@keyframes rating-pop {0% {transform: translateY(-0.125em)
    }40% {transform: translateY(-0.125em)
    }100% {transform: translateY(0)
    }
}@keyframes toast-pop {0% {transform: scale(0.9);opacity: 0
    }100% {transform: scale(1);opacity: 1
    }
}.btn::after {border: none
}"
`;
