// Vitest Snapshot v1, https://vitest.dev/guide/snapshot.html

exports[`badge > snap 1`] = `
".badge {
  @apply inline-flex items-center justify-center transition duration-200 ease-out h-5 text-sm leading-5 w-[fit-content] pl-[0.563rem] pr-[0.563rem];
}"
`;
