// Vitest Snapshot v1, https://vitest.dev/guide/snapshot.html

exports[`button > snap 1`] = `
".btn {
  @apply rounded-btn inline-flex flex-shrink-0 cursor-pointer select-none flex-wrap items-center justify-center border-transparent text-center transition duration-200 ease-out;
  @apply min-h-12 h-12 px-4;
  font-size: 0.875rem;
  line-height: 1em;
  /* disabled */
  /* shapes */
}
.btn-disabled, .btn[disabled], .btn:disabled {
  @apply pointer-events-none;
}
.btn-square {
  @apply h-12 w-12 p-0;
}
.btn-circle {
  @apply h-12 w-12 rounded-full p-0;
}

/* radio input and checkbox as button */
.btn:is(input[type=checkbox]),
.btn:is(input[type=radio]) {
  @apply w-auto appearance-none;
}

.btn:is(input[type=checkbox]):after,
.btn:is(input[type=radio]):after {
  @apply content-[attr(aria-label)];
}"
`;

exports[`button > snap resolved 1`] = `
"
.btn {
  display: inline-flex;
  flex-shrink: 0;
  cursor: pointer;
  user-select: none;
  flex-wrap: wrap;
  align-items: center;
  justify-content: center;
  border-radius: var(--rounded-box, 1rem);
  border-color: transparent;
  text-align: center;
  transition-property: color, background-color, border-color, text-decoration-color, fill, stroke, opacity, box-shadow, transform, filter, backdrop-filter;
  transition-timing-function: cubic-bezier(0.4, 0, 0.2, 1);
  transition-duration: 200ms;
  transition-timing-function: cubic-bezier(0, 0, 0.2, 1);
  height: 3rem;
  min-height: 3rem;
  padding-left: 1rem;
  padding-right: 1rem;
  font-size: 0.875rem;
  line-height: 1em
  /* disabled */
  /* shapes */
}
.btn-disabled, .btn[disabled], .btn:disabled {
  pointer-events: none
}
.btn-square {
  height: 3rem;
  width: 3rem;
  padding: 0px
}
.btn-circle {
  height: 3rem;
  width: 3rem;
  border-radius: 9999px;
  padding: 0px
}

/* radio input and checkbox as button */
.btn:is(input[type=checkbox]),
.btn:is(input[type=radio]) {
  width: auto;
  appearance: none
}

.btn:is(input[type=checkbox]):after,
.btn:is(input[type=radio]):after {
  --tw-content: attr(aria-label);
  content: var(--tw-content)
}"
`;
