// Vitest Snapshot v1, https://vitest.dev/guide/snapshot.html

exports[`file-input > snap 1`] = `
".file-input {
  @apply h-12 flex-shrink pr-4 text-sm leading-loose;
}
.file-input::file-selector-button {
  @apply mr-4 inline-flex h-full flex-shrink-0 cursor-pointer select-none flex-wrap items-center justify-center px-4 text-center text-sm transition duration-200 ease-out;
  line-height: 1em;
}"
`;
