// Vitest Snapshot v1, https://vitest.dev/guide/snapshot.html

exports[`link > snap 1`] = `
".link {
  @apply cursor-pointer underline;
}
.link-hover {
  @apply no-underline [@media(hover:hover)]:hover:underline;
}"
`;
