// Vitest Snapshot v1, https://vitest.dev/guide/snapshot.html

exports[`base > base css 1`] = `Promise {}`;
